// Vitest Snapshot v1, https://vitest.dev/guide/snapshot.html

exports[`Footer 1`] = `
<div>
  <footer
    class="block py-4"
  >
    <div
      class="content has-text-centered"
    >
      <p>
        My IP: 
      </p>
      <p>
        All data and HTTP requests to fetch JSON are processed locally in your browser.
      </p>
      Copyright © 
      2025
       - 
      <a
        href="https://nkthanh.dev"
      >
        nkthanh.dev
      </a>
    </div>
  </footer>
</div>
`;
