// Vitest Snapshot v1, https://vitest.dev/guide/snapshot.html

exports[`SettingForm 1`] = `
<div>
  <div
    class="h-100"
    style="border: 1px solid rgba(255, 255, 255, 0.12);"
  >
    <div
      class="py-3 px-5 is-flex is-justify-content-space-between"
      style="border-bottom: 1px solid rgba(255, 255, 255, 0.12);"
    >
      <p
        class="is-size-6 has-text-weight-bold"
        style="text-transform: uppercase;"
      >
        Configuration
      </p>
    </div>
    <div
      class="undefined px-5 py-3"
    >
      <form
        class="is-flex is-flex-direction-column"
      >
        <div
          class="field"
        >
          <label
            class="label"
          >
            Language
          </label>
          <div
            class="control"
          >
            <div
              class="select is-fullwidth"
            >
              <select
                name="language"
              >
                <option
                  value="bigquery"
                >
                  bigquery
                </option>
                <option
                  value="db2"
                >
                  db2
                </option>
                <option
                  value="db2i"
                >
                  db2i
                </option>
                <option
                  value="hive"
                >
                  hive
                </option>
                <option
                  value="mariadb"
                >
                  mariadb
                </option>
                <option
                  value="mysql"
                >
                  mysql
                </option>
                <option
                  value="n1ql"
                >
                  n1ql
                </option>
                <option
                  value="plsql"
                >
                  plsql
                </option>
                <option
                  value="postgresql"
                >
                  postgresql
                </option>
                <option
                  value="redshift"
                >
                  redshift
                </option>
                <option
                  value="spark"
                >
                  spark
                </option>
                <option
                  value="sqlite"
                >
                  sqlite
                </option>
                <option
                  value="sql"
                >
                  sql
                </option>
                <option
                  value="tidb"
                >
                  tidb
                </option>
                <option
                  value="trino"
                >
                  trino
                </option>
                <option
                  value="transactsql"
                >
                  transactsql
                </option>
                <option
                  value="tsql"
                >
                  tsql
                </option>
                <option
                  value="singlestoredb"
                >
                  singlestoredb
                </option>
                <option
                  value="snowflake"
                >
                  snowflake
                </option>
              </select>
            </div>
          </div>
        </div>
        <div
          class="field"
        >
          <label
            class="label"
          >
            Tab width
          </label>
          <div
            class="control"
          >
            <input
              class="input"
              name="tabWidth"
              type="number"
              value="2"
            />
          </div>
        </div>
        <div
          class="field"
        >
          <label
            class="label"
          >
            Keyword case
          </label>
          <div
            class="control"
          >
            <div
              class="select is-fullwidth"
            >
              <select
                name="keywordCase"
              >
                <option
                  value="upper"
                >
                  Upper
                </option>
                <option
                  value="lower"
                >
                  Lower
                </option>
                <option
                  value="preserve"
                >
                  Unchanged
                </option>
              </select>
            </div>
          </div>
        </div>
        <div
          class="field"
        >
          <label
            class="label"
          >
            Function case
          </label>
          <div
            class="control"
          >
            <div
              class="select is-fullwidth"
            >
              <select
                id="functionCase"
                name="functionCase"
              >
                <option
                  value="upper"
                >
                  Upper
                </option>
                <option
                  value="lower"
                >
                  Lower
                </option>
                <option
                  value="preserve"
                >
                  Unchanged
                </option>
              </select>
            </div>
          </div>
        </div>
        <div
          class="control"
        >
          <button
            class="button is-primary is-fullwidth"
          >
            Format
          </button>
        </div>
      </form>
    </div>
  </div>
</div>
`;
